// Jest Snapshot v1, https://goo.gl/fbAQLP

exports[`Calculator renders correctly 1`] = `
Array [
  <h3
    className="Calchead"
  >
    Let's do some math!
  </h3>,
  <div
    className="Container"
  >
    <div
      className="Screen"
    >
      <span
        className="Digit"
      >
        0
      </span>
    </div>
    <div
      className="Row"
    >
      <button
        className="Other"
        onClick={[Function]}
        type="button"
      >
        AC
      </button>
      <button
        className="Other"
        onClick={[Function]}
        type="button"
      >
        +/-
      </button>
      <button
        className="Other"
        onClick={[Function]}
        type="button"
      >
        %
      </button>
      <button
        className="Operator"
        onClick={[Function]}
        type="button"
      >
        รท
      </button>
    </div>
    <div
      className="Row"
    >
      <button
        className="Other"
        onClick={[Function]}
        type="button"
      >
        7
      </button>
      <button
        className="Other"
        onClick={[Function]}
        type="button"
      >
        8
      </button>
      <button
        className="Other"
        onClick={[Function]}
        type="button"
      >
        9
      </button>
      <button
        className="Operator"
        onClick={[Function]}
        type="button"
      >
        x
      </button>
    </div>
    <div
      className="Row"
    >
      <button
        className="Other"
        onClick={[Function]}
        type="button"
      >
        4
      </button>
      <button
        className="Other"
        onClick={[Function]}
        type="button"
      >
        5
      </button>
      <button
        className="Other"
        onClick={[Function]}
        type="button"
      >
        6
      </button>
      <button
        className="Operator"
        onClick={[Function]}
        type="button"
      >
        -
      </button>
    </div>
    <div
      className="Row"
    >
      <button
        className="Other"
        onClick={[Function]}
        type="button"
      >
        1
      </button>
      <button
        className="Other"
        onClick={[Function]}
        type="button"
      >
        2
      </button>
      <button
        className="Other"
        onClick={[Function]}
        type="button"
      >
        3
      </button>
      <button
        className="Operator"
        onClick={[Function]}
        type="button"
      >
        +
      </button>
    </div>
    <div
      className="Row"
    >
      <button
        className="Zero"
        onClick={[Function]}
        type="button"
      >
        0
      </button>
      <button
        className="Other"
        onClick={[Function]}
        type="button"
      >
        .
      </button>
      <button
        className="Operator"
        onClick={[Function]}
        type="button"
      >
        =
      </button>
    </div>
  </div>,
]
`;
